Microchip MPLAB XC8 Compiler V2.00 ()

Linker command line:

-W-3 --edf=C:\Program Files (x86)\Microchip\xc8\v2.00\pic\dat\en_msgs.txt \
  -cs -h+dist/default/production\MotordePassos.X.production.sym \
  --cmf=dist/default/production\MotordePassos.X.production.cmf -z -Q16F887 \
  -oC:\Users\20185206\AppData\Local\Temp\sd6s.2 \
  -Mdist/default/production/MotordePassos.X.production.map -E1 -ver=XC8 \
  --acfsm=1493 -ASTACK=0110h-016fh -pstack=STACK -ACODE=00h-07FFhx4 \
  -ASTRCODE=00h-01FFFh -ASTRING=00h-0FFhx32 -ACONST=00h-0FFhx32 \
  -AENTRY=00h-0FFhx32 -ACOMMON=070h-07Fh -ABANK0=020h-06Fh \
  -ABANK1=0A0h-0EFh -ABANK2=0110h-016Fh -ABANK3=0190h-01EFh \
  -ARAM=020h-06Fh,0A0h-0EFh,0110h-016Fh,0190h-01EFh \
  -AABS1=020h-07Fh,0A0h-0EFh,0110h-016Fh,0190h-01EFh -ASFR0=00h-01Fh \
  -ASFR1=080h-09Fh -ASFR2=0100h-010Fh -ASFR3=0180h-018Fh \
  -preset_vec=00h,intentry,init,end_init -ppowerup=CODE -pcinit=CODE \
  -pfunctab=ENTRY -ACONFIG=02007h-02008h -pconfig=CONFIG -DCONFIG=2 \
  -AIDLOC=02000h-02003h -pidloc=IDLOC -DIDLOC=2 -AEEDATA=00h-0FFh/02100h \
  -peeprom_data=EEDATA -DEEDATA=2 -DCODE=2 -DSTRCODE=2 -DSTRING=2 -DCONST=2 \
  -DENTRY=2 -k C:\Users\20185206\AppData\Local\Temp\sd6s.o \
  dist/default/production\MotordePassos.X.production.o 

Object code version is 3.11

Machine type is 16F887



                Name                               Link     Load   Length Selector   Space Scale
C:\Users\20185206\AppData\Local\Temp\sd6s.o
                end_init                              0        0        3        0       0
                config                             2007     2007        2     400E       0
dist/default/production\MotordePassos.X.production.o
                cinit                               7ED      7ED       13      FDA       0
                text6                               77A      77A       73      EF4       0
                text5                               680      680       28      D00       0
                text4                               651      651       17      CA2       0
                text3                               72C      72C       4E      E58       0
                text2                               6E0      6E0       4C      DC0       0
                text1                               62D      62D       11      C5A       0
                maintext                            6A8      6A8       38      D50       0
                cstackBANK0                          38       38        B       20       1
                cstackCOMMON                         70       70        D       70       1
                inittext                            63E      63E       13      C7C       0
                dataBANK0                            20       20       18       20       1
                bssCOMMON                            7D       7D        1       70       1
                nvBANK0                              43       43        2       20       1
                idataBANK0                          668      668       18      CD0       0

TOTAL           Name                               Link     Load   Length     Space
        CLASS   STACK          

        CLASS   CODE           
                end_init                              0        0        3         0
                cinit                               7ED      7ED       13         0
                text6                               77A      77A       73         0
                text5                               680      680       28         0
                text4                               651      651       17         0
                text3                               72C      72C       4E         0
                text2                               6E0      6E0       4C         0
                text1                               62D      62D       11         0
                maintext                            6A8      6A8       38         0
                inittext                            63E      63E       13         0
                idataBANK0                          668      668       18         0

        CLASS   STRCODE        

        CLASS   STRING         

        CLASS   CONST          

        CLASS   ENTRY          

        CLASS   COMMON         
                cstackCOMMON                         70       70        D         1
                bssCOMMON                            7D       7D        1         1

        CLASS   BANK0          
                cstackBANK0                          38       38        B         1
                dataBANK0                            20       20       18         1
                nvBANK0                              43       43        2         1

        CLASS   BANK1          

        CLASS   BANK2          

        CLASS   BANK3          

        CLASS   RAM            

        CLASS   ABS1           
                abs_s1                               7E       7E        2         1

        CLASS   SFR0           

        CLASS   SFR1           

        CLASS   SFR2           

        CLASS   SFR3           

        CLASS   CONFIG         
                config                             2007     2007        2         0

        CLASS   IDLOC          

        CLASS   EEDATA         



SEGMENTS        Name                           Load    Length   Top    Selector   Space  Class     Delta

                reset_vec                      000000  000003  000003         0       0  CODE        2
                dataBANK0                      000020  000025  000045        20       1  BANK0       1
                cstackCOMMON                   000070  00000E  00007E        70       1  COMMON      1
                text1                          00062D  000011  00063E       C5A       0  CODE        2
                inittext                       00063E  000013  000651       C7C       0  CODE        2
                text4                          000651  000017  000668       CA2       0  CODE        2
                idataBANK0                     000668  000018  000680       CD0       0  CODE        2
                text5                          000680  000028  0006A8       D00       0  CODE        2
                maintext                       0006A8  000038  0006E0       D50       0  CODE        2
                text2                          0006E0  00004C  00072C       DC0       0  CODE        2
                text3                          00072C  00004E  00077A       E58       0  CODE        2
                text6                          00077A  000073  0007ED       EF4       0  CODE        2
                cinit                          0007ED  000013  000800       FDA       0  CODE        2
                config                         002007  000002  002009      400E       0  CONFIG      2


UNUSED ADDRESS RANGES

        Name                Unused          Largest block    Delta
        BANK0            0045-006F             2B           1
        BANK1            00A0-00EF             50           1
        BANK2            0110-016F             60           1
        BANK3            0190-01EF             60           1
        CODE             0003-062C            62A           2
                         0800-1FFF            800
        CONST            0003-062C            100           2
                         0800-1FFF            100
        EEDATA           2100-21FF            100           2
        ENTRY            0003-062C            100           2
                         0800-1FFF            100
        IDLOC            2000-2003              4           2
        RAM              0045-006F             2B           1
                         00A0-00EF             50
                         0110-016F             60
                         0190-01EF             60
        SFR0             0000-001F             20           1
        SFR1             0080-009F             20           1
        SFR2             0100-010F             10           1
        SFR3             0180-018F             10           1
        STACK            0110-016F             60           1
        STRCODE          0003-062C            62A           2
                         0800-1FFF           1800
        STRING           0003-062C            100           2
                         0800-1FFF            100

                                  Symbol Table

?___awdiv                         cstackCOMMON 0076
?___wmul                          cstackCOMMON 0070
_PORTD                            (abs)        0008
_PORTDbits                        (abs)        0008
_TRISDbits                        (abs)        0088
__CFG_BOR4V$BOR40V                (abs)        0000
__CFG_BOREN$OFF                   (abs)        0000
__CFG_CP$OFF                      (abs)        0000
__CFG_CPD$OFF                     (abs)        0000
__CFG_FCMEN$OFF                   (abs)        0000
__CFG_FOSC$INTRC_NOCLKOUT         (abs)        0000
__CFG_IESO$OFF                    (abs)        0000
__CFG_LVP$OFF                     (abs)        0000
__CFG_MCLRE$OFF                   (abs)        0000
__CFG_PWRTE$OFF                   (abs)        0000
__CFG_WDTE$OFF                    (abs)        0000
__CFG_WRT$OFF                     (abs)        0000
__Habs1                           abs1         0000
__Hbank0                          bank0        0000
__Hbank1                          bank1        0000
__Hbank2                          bank2        0000
__Hbank3                          bank3        0000
__HbssCOMMON                      bssCOMMON    0000
__Hcinit                          cinit        0800
__Hclrtext                        clrtext      0000
__Hcode                           code         0000
__Hcommon                         common       0000
__Hconfig                         config       2009
__HcstackBANK0                    cstackBANK0  0000
__HcstackCOMMON                   cstackCOMMON 0000
__HdataBANK0                      dataBANK0    0000
__Heeprom_data                    eeprom_data  0000
__Hend_init                       end_init     0003
__Hfunctab                        functab      0000
__HidataBANK0                     idataBANK0   0000
__Hidloc                          idloc        0000
__Hinit                           init         0000
__Hinittext                       inittext     0000
__Hintentry                       intentry     0000
__Hmaintext                       maintext     0000
__HnvBANK0                        nvBANK0      0000
__Hpowerup                        powerup      0000
__Hram                            ram          0000
__Hreset_vec                      reset_vec    0000
__Hsfr0                           sfr0         0000
__Hsfr1                           sfr1         0000
__Hsfr2                           sfr2         0000
__Hsfr3                           sfr3         0000
__Hspace_0                        (abs)        2009
__Hspace_1                        (abs)        007E
__Hspace_2                        (abs)        0000
__Hspace_3                        (abs)        0000
__Hstack                          stack        0000
__Hstrings                        strings      0000
__Htext                           text         0000
__Labs1                           abs1         0000
__Lbank0                          bank0        0000
__Lbank1                          bank1        0000
__Lbank2                          bank2        0000
__Lbank3                          bank3        0000
__LbssCOMMON                      bssCOMMON    0000
__Lcinit                          cinit        07ED
__Lclrtext                        clrtext      0000
__Lcode                           code         0000
__Lcommon                         common       0000
__Lconfig                         config       2007
__LcstackBANK0                    cstackBANK0  0000
__LcstackCOMMON                   cstackCOMMON 0000
__LdataBANK0                      dataBANK0    0000
__Leeprom_data                    eeprom_data  0000
__Lend_init                       end_init     0000
__Lfunctab                        functab      0000
__LidataBANK0                     idataBANK0   0000
__Lidloc                          idloc        0000
__Linit                           init         0000
__Linittext                       inittext     0000
__Lintentry                       intentry     0000
__Lmaintext                       maintext     0000
__LnvBANK0                        nvBANK0      0000
__Lpowerup                        powerup      0000
__Lram                            ram          0000
__Lreset_vec                      reset_vec    0000
__Lsfr0                           sfr0         0000
__Lsfr1                           sfr1         0000
__Lsfr2                           sfr2         0000
__Lsfr3                           sfr3         0000
__Lspace_0                        (abs)        0000
__Lspace_1                        (abs)        0000
__Lspace_2                        (abs)        0000
__Lspace_3                        (abs)        0000
__Lstack                          stack        0000
__Lstrings                        strings      0000
__Ltext                           text         0000
__S0                              (abs)        2009
__S1                              (abs)        007E
__S2                              (abs)        0000
__S3                              (abs)        0000
___awdiv                          text6        077A
___awdiv@counter                  cstackBANK0  0038
___awdiv@dividend                 cstackCOMMON 0078
___awdiv@divisor                  cstackCOMMON 0076
___awdiv@quotient                 cstackBANK0  003A
___awdiv@sign                     cstackBANK0  0039
___int_sp                         stack        0000
___latbits                        (abs)        0002
___sp                             stack        0000
___wmul                           text5        0680
___wmul@multiplicand              cstackCOMMON 0072
___wmul@multiplier                cstackCOMMON 0070
___wmul@product                   cstackCOMMON 0074
__end_of___awdiv                  text6        07ED
__end_of___wmul                   text5        06A8
__end_of__initialization          cinit        07FC
__end_of_delay                    text4        0668
__end_of_main                     maintext     06E0
__end_of_meiopasso                text3        077A
__end_of_stepMotor                text2        072C
__end_of_stepMotor_init           text1        063E
__initialization                  cinit        07ED
__pbssCOMMON                      bssCOMMON    007D
__pcstackBANK0                    cstackBANK0  0038
__pcstackCOMMON                   cstackCOMMON 0070
__pdataBANK0                      dataBANK0    0020
__pidataBANK0                     idataBANK0   0668
__pmaintext                       maintext     06A8
__pnvBANK0                        nvBANK0      0043
__ptext1                          text1        062D
__ptext2                          text2        06E0
__ptext3                          text3        072C
__ptext4                          text4        0651
__ptext5                          text5        0680
__ptext6                          text6        077A
__size_of___awdiv                 (abs)        0000
__size_of___wmul                  (abs)        0000
__size_of_delay                   (abs)        0000
__size_of_main                    (abs)        0000
__size_of_meiopasso               (abs)        0000
__size_of_stepMotor               (abs)        0000
__size_of_stepMotor_init          (abs)        0000
_delay                            text4        0651
_doispulsos                       dataBANK0    0030
_main                             maintext     06A8
_meiopas                          dataBANK0    0020
_meiopasso                        text3        072C
_passos                           dataBANK0    0034
_ppr                              nvBANK0      0043
_stepMotor                        text2        06E0
_stepMotor_init                   text1        062D
btemp                             (abs)        007E
delay@t                           cstackCOMMON 0070
end_of_initialization             cinit        07FC
init_fetch0                       inittext     063E
init_ram0                         inittext     0642
intlevel0                         functab      0000
intlevel1                         functab      0000
intlevel2                         functab      0000
intlevel3                         functab      0000
intlevel4                         functab      0000
intlevel5                         functab      0000
meiopasso@graus                   cstackBANK0  003C
meiopasso@i                       cstackBANK0  0041
meiopasso@indice                  cstackBANK0  0042
meiopasso@numPasso                cstackBANK0  0040
meiopasso@sentido                 cstackBANK0  003F
meiopasso@t                       cstackBANK0  003E
reset_vec                         reset_vec    0000
stackhi                           (abs)        0000
stacklo                           (abs)        0000
start                             init         0000
start_initialization              cinit        07ED
stepMotor@graus                   cstackBANK0  003C
stepMotor@i                       cstackBANK0  0041
stepMotor@indice                  cstackBANK0  0042
stepMotor@numPassos               cstackBANK0  0040
stepMotor@sentido                 cstackBANK0  003F
stepMotor@t                       cstackBANK0  003E
stepMotor_init@pulsosPorRevolucao cstackCOMMON 0070
wtemp0                            (abs)        007E


FUNCTION INFORMATION:

 *************** function _main *****************
 Defined at:
		line 22 in file "main.c"
 Parameters:    Size  Location     Type
		None
 Auto vars:     Size  Location     Type
		None
 Return value:  Size  Location     Type
                  1    wreg      void 
 Registers used:
		wreg, fsr0l, fsr0h, status,2, status,0, pclath, cstack
 Tracked objects:
		On entry : 
		On exit  : 
		Unchanged: 
 Data sizes:     COMMON   BANK0   BANK1   BANK3   BANK2
      Params:         0       0       0       0       0
      Locals:         0       0       0       0       0
      Temps:          1       0       0       0       0
      Totals:         1       0       0       0       0
Total ram usage:        1 bytes
 Hardware stack levels required when called:    2
 This function calls:
		_delay
		_meiopasso
		_stepMotor
		_stepMotor_init
 This function is called by:
		Startup code after reset
 This function uses a non-reentrant model


 *************** function _stepMotor_init *****************
 Defined at:
		line 19 in file "MotorPasso.c"
 Parameters:    Size  Location     Type
  pulsosPorRev    2    0[COMMON] int 
 Auto vars:     Size  Location     Type
		None
 Return value:  Size  Location     Type
                  1    wreg      void 
 Registers used:
		wreg
 Tracked objects:
		On entry : 
		On exit  : 
		Unchanged: 
 Data sizes:     COMMON   BANK0   BANK1   BANK3   BANK2
      Params:         2       0       0       0       0
      Locals:         0       0       0       0       0
      Temps:          0       0       0       0       0
      Totals:         2       0       0       0       0
Total ram usage:        2 bytes
 Hardware stack levels used:    1
 This function calls:
		Nothing
 This function is called by:
		_main
 This function uses a non-reentrant model


 *************** function _stepMotor *****************
 Defined at:
		line 36 in file "MotorPasso.c"
 Parameters:    Size  Location     Type
  sentido         1    wreg     unsigned char 
  graus           2    4[BANK0 ] int 
  t               1    6[BANK0 ] unsigned char 
 Auto vars:     Size  Location     Type
  sentido         1    7[BANK0 ] unsigned char 
  indice          1   10[BANK0 ] unsigned char 
  i               1    9[BANK0 ] unsigned char 
  numPassos       1    8[BANK0 ] unsigned char 
 Return value:  Size  Location     Type
                  1    wreg      void 
 Registers used:
		wreg, fsr0l, fsr0h, status,2, status,0, pclath, cstack
 Tracked objects:
		On entry : 
		On exit  : 
		Unchanged: 
 Data sizes:     COMMON   BANK0   BANK1   BANK3   BANK2
      Params:         0       3       0       0       0
      Locals:         0       4       0       0       0
      Temps:          1       0       0       0       0
      Totals:         1       7       0       0       0
Total ram usage:        8 bytes
 Hardware stack levels used:    1
 Hardware stack levels required when called:    1
 This function calls:
		___awdiv
		___wmul
		_delay
 This function is called by:
		_main
 This function uses a non-reentrant model


 *************** function _meiopasso *****************
 Defined at:
		line 52 in file "MotorPasso.c"
 Parameters:    Size  Location     Type
  sentido         1    wreg     unsigned char 
  graus           2    4[BANK0 ] int 
  t               1    6[BANK0 ] unsigned char 
 Auto vars:     Size  Location     Type
  sentido         1    7[BANK0 ] unsigned char 
  indice          1   10[BANK0 ] unsigned char 
  i               1    9[BANK0 ] unsigned char 
  numPasso        1    8[BANK0 ] unsigned char 
 Return value:  Size  Location     Type
                  1    wreg      void 
 Registers used:
		wreg, fsr0l, fsr0h, status,2, status,0, pclath, cstack
 Tracked objects:
		On entry : 
		On exit  : 
		Unchanged: 
 Data sizes:     COMMON   BANK0   BANK1   BANK3   BANK2
      Params:         0       3       0       0       0
      Locals:         0       4       0       0       0
      Temps:          1       0       0       0       0
      Totals:         1       7       0       0       0
Total ram usage:        8 bytes
 Hardware stack levels used:    1
 Hardware stack levels required when called:    1
 This function calls:
		___awdiv
		___wmul
		_delay
 This function is called by:
		_main
 This function uses a non-reentrant model


 *************** function _delay *****************
 Defined at:
		line 13 in file "delay.c"
 Parameters:    Size  Location     Type
  t               2    0[COMMON] unsigned int 
 Auto vars:     Size  Location     Type
		None
 Return value:  Size  Location     Type
                  1    wreg      void 
 Registers used:
		wreg, status,2, status,0
 Tracked objects:
		On entry : 
		On exit  : 
		Unchanged: 
 Data sizes:     COMMON   BANK0   BANK1   BANK3   BANK2
      Params:         2       0       0       0       0
      Locals:         0       0       0       0       0
      Temps:          1       0       0       0       0
      Totals:         3       0       0       0       0
Total ram usage:        3 bytes
 Hardware stack levels used:    1
 This function calls:
		Nothing
 This function is called by:
		_stepMotor
		_meiopasso
		_main
		_passoduplo
 This function uses a non-reentrant model


 *************** function ___wmul *****************
 Defined at:
		line 15 in file "C:\Program Files (x86)\Microchip\xc8\v2.00\pic\sources\c90\common\Umul16.c"
 Parameters:    Size  Location     Type
  multiplier      2    0[COMMON] unsigned int 
  multiplicand    2    2[COMMON] unsigned int 
 Auto vars:     Size  Location     Type
  product         2    4[COMMON] unsigned int 
 Return value:  Size  Location     Type
                  2    0[COMMON] unsigned int 
 Registers used:
		wreg, status,2, status,0
 Tracked objects:
		On entry : 
		On exit  : 
		Unchanged: 
 Data sizes:     COMMON   BANK0   BANK1   BANK3   BANK2
      Params:         4       0       0       0       0
      Locals:         2       0       0       0       0
      Temps:          0       0       0       0       0
      Totals:         6       0       0       0       0
Total ram usage:        6 bytes
 Hardware stack levels used:    1
 This function calls:
		Nothing
 This function is called by:
		_stepMotor
		_meiopasso
		_passoduplo
 This function uses a non-reentrant model


 *************** function ___awdiv *****************
 Defined at:
		line 5 in file "C:\Program Files (x86)\Microchip\xc8\v2.00\pic\sources\c90\common\awdiv.c"
 Parameters:    Size  Location     Type
  divisor         2    6[COMMON] int 
  dividend        2    8[COMMON] int 
 Auto vars:     Size  Location     Type
  quotient        2    2[BANK0 ] int 
  sign            1    1[BANK0 ] unsigned char 
  counter         1    0[BANK0 ] unsigned char 
 Return value:  Size  Location     Type
                  2    6[COMMON] int 
 Registers used:
		wreg, status,2, status,0
 Tracked objects:
		On entry : 
		On exit  : 
		Unchanged: 
 Data sizes:     COMMON   BANK0   BANK1   BANK3   BANK2
      Params:         4       0       0       0       0
      Locals:         0       4       0       0       0
      Temps:          1       0       0       0       0
      Totals:         5       4       0       0       0
Total ram usage:        9 bytes
 Hardware stack levels used:    1
 This function calls:
		Nothing
 This function is called by:
		_stepMotor
		_meiopasso
		_passoduplo
 This function uses a non-reentrant model



MODULE INFORMATION

Module		Function		Class		Link	Load	Size
delay.c
		_delay         		CODE           	0651	0000	24

delay.c estimated size: 24

C:\Program Files (x86)\Microchip\xc8\v2.00\pic\sources\c90\common\Umul16.c
		___wmul        		CODE           	0680	0000	41

C:\Program Files (x86)\Microchip\xc8\v2.00\pic\sources\c90\common\Umul16.c estimated size: 41

C:\Program Files (x86)\Microchip\xc8\v2.00\pic\sources\c90\common\awdiv.c
		___awdiv       		CODE           	077A	0000	116

C:\Program Files (x86)\Microchip\xc8\v2.00\pic\sources\c90\common\awdiv.c estimated size: 116

shared
		__initialization		CODE           	07ED	0000	16

shared estimated size: 16

MotorPasso.c
		_stepMotor     		CODE           	06E0	0000	77
		_meiopasso     		CODE           	072C	0000	79
		_stepMotor_init		CODE           	062D	0000	18

MotorPasso.c estimated size: 174

main.c
		_main          		CODE           	06A8	0000	57

main.c estimated size: 57

